../Core/Src/main.c:110:6:delay_us	24	static
../Core/Src/main.c:123:5:main	8	static
../Core/Src/main.c:208:6:SystemClock_Config	160	static
../Core/Src/main.c:258:13:MX_TIM2_Init	56	static
../Core/Src/main.c:310:13:MX_TIM16_Init	16	static
../Core/Src/main.c:342:13:MX_GPIO_Init	48	static
../Core/Src/main.c:392:6:HAL_TIM_PeriodElapsedCallback	16	static
../Core/Src/main.c:407:6:HAL_TIM_PWM_PulseFinishedCallback	24	static
../Core/Src/main.c:449:6:Process_USB_Command	16	static
../Core/Src/main.c:508:6:change_period2	16	static
../Core/Src/main.c:517:6:change_period16	16	static
../Core/Src/main.c:522:6:change_prescalar16	16	static
../Core/Src/main.c:535:6:Error_Handler	4	static,ignoring_inline_asm
